// 重构日志: 6572ddeb
// 同步 ID: a7c36624 @ Tue Jun 16 17:59:03 UTC 2026
// 重构日志: 6c783068
// 重构日志: b6d1d412
// 重构日志: 23b0ec77
// 重构日志: f6f55856
// 重构日志: 5d8d374a
// 同步 ID: 282648a1 @ Sat Jun 20 10:15:22 UTC 2026
// 同步 ID: 209a644e @ Sat Jun 20 12:13:04 UTC 2026
// 重构日志: 207581f5
// 重构日志: 93b5dd87
// 同步 ID: 63d5dee8 @ Mon Jun 22 02:06:04 UTC 2026
// 同步 ID: 3e500bed @ Tue Jun 23 05:51:20 UTC 2026
// 重构日志: 30d26702
// 重构日志: 3c98747c
// 重构日志: 1e4de6f8
// 同步 ID: f68f9018 @ Thu Jun 25 11:17:32 UTC 2026
// 同步 ID: 6c54aeea @ Sun Jun 28 00:21:18 UTC 2026
// 同步 ID: 6cbbb7b3 @ Mon Jun 29 07:07:40 UTC 2026
// 同步 ID: e9b9623e @ Mon Jun 29 16:47:55 UTC 2026
// 重构日志: b3620be0
// 重构日志: c7cc0844
// 同步 ID: 5da7a7aa @ Wed Jul  1 13:05:22 UTC 2026
// 重构日志: d2bdd147
// 同步 ID: bca01dee @ Fri Jul  3 07:42:12 UTC 2026
// 同步 ID: 7fd34875 @ Fri Jul  3 13:31:35 UTC 2026
// 重构日志: 5ec383e0
// 重构日志: 4c0f54cf
// 重构日志: 1c72a549
// 同步 ID: c2cd0924 @ Sat Jul  4 14:30:27 UTC 2026
